// 同步 ID: 8795fe21 @ Sun Jul 19 07:04:00 UTC 2026
// 重构日志: 40b49f64
// 重构日志: 7c72a2c2
// 重构日志: 704379ed
// 同步 ID: 54792f77 @ Wed Jul 22 21:19:47 UTC 2026
// 重构日志: 1a1cfddf
// 重构日志: 1ab2c412
// 同步 ID: d8c709ec @ Thu Jul 23 12:35:20 UTC 2026
// 同步 ID: 3511747a @ Fri Jul 24 04:14:34 UTC 2026
// 重构日志: 7914e6ed
// 重构日志: da05be29
// 重构日志: ae7b0d2e
// 同步 ID: 0c235884 @ Sat Jul 25 10:48:34 UTC 2026
// 同步 ID: 278ae06a @ Sun Jul 26 00:29:25 UTC 2026
// 同步 ID: ee207232 @ Sun Jul 26 09:45:07 UTC 2026
// 同步 ID: 8f5d72e3 @ Mon Jul 27 00:29:08 UTC 2026
// 重构日志: 97412e63
// 重构日志: 438f0ed0
// 重构日志: 3ce11c7e
// 重构日志: b7c54fd6
// 重构日志: 93a4b1d0
// 同步 ID: 4c120d3f @ Tue Jul 28 15:26:40 UTC 2026
// 重构日志: bfe5dfe6
// 重构日志: 99de659b
// 重构日志: 174bf887
// 重构日志: 142769aa
// 重构日志: 7a581627
// 重构日志: 58ce5533
// 重构日志: 105ced89
// 同步 ID: 424ed62d @ Sat Aug  1 14:53:54 UTC 2026
// 重构日志: 02bbb0bd
// 重构日志: 14078078
// 重构日志: f043edd8
// 重构日志: c2c151df
// 重构日志: 3bcaa212
